WARN [neovide::settings::config] Error while trying to watch config file parent directory for changes: No path was found. about ["/home/ryan/.config/neovide"]
INFO [neovide::renderer::fonts::caching_shaper] Reset Font Loader: font_size: 18.67px, font_width: 11.49px
INFO [neovide::bridge::setup] Neovim version: "NVIM v0.12.5\nBuild type: RelWithDebInfo\nLuaJIT 2.1.1788460057\nRun \"nvim -V1 -v\" for more info"
INFO [neovide::bridge] Neovide registered to nvim with channel id 1
INFO [neovide::bridge] Neovim process attached
WARN [neovide::renderer::fonts::caching_shaper] Some configured fonts could not be loaded and will be skipped: FontKey { font_desc: Some(FontDescription { family: "Source Code Pro", style: Some("Bold Italic") }), hinting: Full, edging: AntiAlias }, FontKey { font_desc: Some(FontDescription { family: "Source Code Pro", style: Some("Bold") }), hinting: Full, edging: AntiAlias }, FontKey { font_desc: Some(FontDescription { family: "Source Code Pro", style: Some("Italic") }), hinting: Full, edging: AntiAlias }, FontKey { font_desc: Some(FontDescription { family: "Source Code Pro", style: None }), hinting: Full, edging: AntiAlias }
INFO [neovide::renderer::fonts::caching_shaper] Reset Font Loader: font_size: 18.67px, font_width: 11.24px
INFO [neovide::renderer::fonts::caching_shaper] Reset Font Loader: font_size: 18.67px, font_width: 11.24px
INFO [neovide::window::window_wrapper] Route ready for initial window creation
INFO [neovide::renderer::fonts::caching_shaper] Reset Font Loader: font_size: 18.67px, font_width: 11.24px
INFO [neovide::renderer::fonts::caching_shaper] Reset Font Loader: font_size: 28.00px, font_width: 16.86px
INFO [neovide::window::window_wrapper] Showing window size: PhysicalSize {
    width: 0,
    height: 0,
}, maximized: true
INFO [neovide::video] neo-vid libmpv renderer initialized
INFO [neovide::window::window_wrapper] window created (scale_factor: 1.5000, font_dimensions: GridScale { transform: Transform2 { matrix: [(16.857424, 0.0, 0.0), (0.0, 33.0, 0.0), (0.0, 0.0, 1.0)] } })
INFO [neovide::renderer::fonts::caching_shaper] Reset Font Loader: font_size: 28.00px, font_width: 16.86px
INFO [neovide::window::window_wrapper] Resizing grid based on window size. Grid Size: Size2 { width: 182, height: 54 }, Window Size PhysicalSize { width: 3072, height: 1812 }
INFO [neovide::renderer::grid_renderer] blend 0
INFO [neovide::window::window_wrapper] Ime enabled
INFO [neovide::renderer::grid_renderer] blend 0
INFO [neovide::renderer::grid_renderer] blend 0
INFO [neovide::renderer::grid_renderer] blend 0
INFO [neovide::renderer::grid_renderer] blend 0
INFO [neovide::renderer::grid_renderer] blend 0
INFO [neovide::renderer::grid_renderer] blend 0
INFO [neovide::renderer::grid_renderer] blend 0
INFO [neovide::renderer::grid_renderer] blend 0
INFO [neovide::renderer::grid_renderer] blend 0
INFO [neovide::renderer::grid_renderer] blend 0
INFO [neovide::renderer::grid_renderer] blend 0
INFO [neovide::renderer::grid_renderer] blend 0
INFO [neovide::renderer::grid_renderer] blend 0
INFO [neovide::renderer::grid_renderer] blend 0
INFO [neovide::renderer::grid_renderer] blend 0
INFO [neovide::renderer::grid_renderer] blend 0
INFO [neovide::renderer::grid_renderer] blend 0
INFO [neovide::renderer::grid_renderer] blend 0
INFO [neovide::renderer::grid_renderer] blend 0
INFO [neovide::renderer::grid_renderer] blend 0
INFO [neovide::renderer::grid_renderer] blend 0
INFO [neovide::renderer::grid_renderer] blend 0
INFO [neovide::renderer::grid_renderer] blend 0
INFO [neovide::renderer::grid_renderer] blend 0
INFO [neovide::renderer::grid_renderer] blend 0
INFO [neovide::renderer::grid_renderer] blend 0
INFO [neovide::renderer::grid_renderer] blend 0
INFO [neovide::renderer::grid_renderer] blend 0
INFO [neovide::renderer::grid_renderer] blend 0
INFO [neovide::renderer::grid_renderer] blend 0
INFO [neovide::renderer::grid_renderer] blend 0
INFO [neovide::renderer::grid_renderer] blend 0
INFO [neovide::renderer::grid_renderer] blend 0
INFO [neovide::renderer::grid_renderer] blend 0
INFO [neovide::renderer::grid_renderer] blend 0
INFO [neovide::renderer::grid_renderer] blend 0
INFO [neovide::renderer::grid_renderer] blend 0
INFO [neovide::renderer::grid_renderer] blend 0
INFO [neovide::renderer::grid_renderer] blend 0
INFO [neovide::renderer::grid_renderer] blend 0
INFO [neovide::renderer::grid_renderer] blend 0
INFO [neovide::renderer::grid_renderer] blend 0
INFO [neovide::renderer::grid_renderer] blend 0
INFO [neovide::renderer::grid_renderer] blend 0
INFO [neovide::renderer::grid_renderer] blend 0
INFO [neovide::renderer::grid_renderer] blend 0
INFO [neovide::renderer::grid_renderer] blend 0
INFO [neovide::renderer::grid_renderer] blend 0
INFO [neovide::renderer::grid_renderer] blend 0
INFO [neovide::renderer::grid_renderer] blend 0
INFO [neovide::renderer::grid_renderer] blend 0
INFO [neovide::renderer::grid_renderer] blend 0
INFO [neovide::renderer::grid_renderer] blend 0
INFO [neovide::renderer::grid_renderer] blend 0
INFO [neovide::renderer::grid_renderer] blend 0
INFO [neovide::renderer::grid_renderer] blend 0
INFO [neovide::renderer::grid_renderer] blend 0
INFO [neovide::renderer::grid_renderer] blend 0
INFO [neovide::renderer::grid_renderer] blend 0
INFO [neovide::renderer::grid_renderer] blend 0
INFO [neovide::renderer::grid_renderer] blend 0
INFO [neovide::renderer::grid_renderer] blend 0
INFO [neovide::renderer::grid_renderer] blend 0
INFO [neovide::renderer::grid_renderer] blend 0
INFO [neovide::renderer::grid_renderer] blend 0
INFO [neovide::renderer::grid_renderer] blend 0
INFO [neovide::renderer::grid_renderer] blend 0
INFO [neovide::renderer::grid_renderer] blend 0
INFO [neovide::renderer::grid_renderer] blend 0
INFO [neovide::renderer::grid_renderer] blend 0
INFO [neovide::renderer::grid_renderer] blend 0
INFO [neovide::renderer::grid_renderer] blend 0
INFO [neovide::renderer::grid_renderer] blend 0
INFO [neovide::renderer::grid_renderer] blend 0
INFO [neovide::renderer::grid_renderer] blend 0
INFO [neovide::renderer::grid_renderer] blend 0
INFO [neovide::renderer::grid_renderer] blend 0
INFO [neovide::renderer::grid_renderer] blend 0
INFO [neovide::renderer::grid_renderer] blend 0
INFO [neovide::renderer::grid_renderer] blend 0
INFO [neovide::renderer::grid_renderer] blend 0
INFO [neovide::renderer::grid_renderer] blend 0
INFO [neovide::renderer::grid_renderer] blend 0
INFO [neovide::renderer::grid_renderer] blend 0
INFO [neovide::renderer::grid_renderer] blend 0
INFO [neovide::renderer::grid_renderer] blend 0
INFO [neovide::renderer::grid_renderer] blend 0
INFO [neovide::renderer::grid_renderer] blend 0
INFO [neovide::renderer::grid_renderer] blend 0
INFO [neovide::renderer::grid_renderer] blend 0
INFO [neovide::renderer::grid_renderer] blend 0
INFO [neovide::renderer::grid_renderer] blend 0
INFO [neovide::renderer::grid_renderer] blend 0
INFO [neovide::renderer::grid_renderer] blend 0
INFO [neovide::renderer::grid_renderer] blend 0
INFO [neovide::renderer::grid_renderer] blend 0
INFO [neovide::renderer::grid_renderer] blend 0
INFO [neovide::renderer::grid_renderer] blend 0
INFO [neovide::renderer::grid_renderer] blend 0
INFO [neovide::renderer::grid_renderer] blend 0
INFO [neovide::renderer::grid_renderer] blend 0
INFO [neovide::renderer::grid_renderer] blend 0
INFO [neovide::renderer::grid_renderer] blend 0
INFO [neovide::renderer::grid_renderer] blend 0
INFO [neovide::renderer::grid_renderer] blend 0
INFO [neovide::renderer::grid_renderer] blend 0
INFO [neovide::renderer::grid_renderer] blend 0
INFO [neovide::renderer::grid_renderer] blend 0
INFO [neovide::renderer::grid_renderer] blend 0
INFO [neovide::renderer::grid_renderer] blend 0
INFO [neovide::renderer::grid_renderer] blend 0
INFO [neovide::renderer::grid_renderer] blend 0
INFO [neovide::renderer::grid_renderer] blend 0
INFO [neovide::renderer::grid_renderer] blend 0
INFO [neovide::renderer::grid_renderer] blend 0
INFO [neovide::renderer::grid_renderer] blend 0
INFO [neovide::renderer::grid_renderer] blend 0
INFO [neovide::renderer::grid_renderer] blend 0
INFO [neovide::renderer::grid_renderer] blend 0
INFO [neovide::renderer::grid_renderer] blend 0
INFO [neovide::renderer::grid_renderer] blend 0
INFO [neovide::renderer::grid_renderer] blend 0
INFO [neovide::renderer::grid_renderer] blend 0
INFO [neovide::renderer::grid_renderer] blend 0
INFO [neovide::renderer::grid_renderer] blend 0
INFO [neovide::renderer::grid_renderer] blend 0
INFO [neovide::renderer::grid_renderer] blend 0
INFO [neovide::renderer::grid_renderer] blend 0
INFO [neovide::renderer::grid_renderer] blend 0
INFO [neovide::renderer::grid_renderer] blend 0
INFO [neovide::renderer::grid_renderer] blend 0
INFO [neovide::renderer::grid_renderer] blend 0
INFO [neovide::renderer::grid_renderer] blend 0
INFO [neovide::renderer::grid_renderer] blend 0
INFO [neovide::renderer::grid_renderer] blend 0
INFO [neovide::renderer::grid_renderer] blend 0
INFO [neovide::renderer::grid_renderer] blend 0
INFO [neovide::renderer::grid_renderer] blend 0
INFO [neovide::renderer::grid_renderer] blend 0
INFO [neovide::renderer::grid_renderer] blend 0
INFO [neovide::renderer::grid_renderer] blend 0
INFO [neovide::renderer::grid_renderer] blend 0
INFO [neovide::renderer::grid_renderer] blend 0
INFO [neovide::renderer::grid_renderer] blend 0
INFO [neovide::renderer::grid_renderer] blend 0
INFO [neovide::renderer::grid_renderer] blend 0
INFO [neovide::renderer::grid_renderer] blend 0
INFO [neovide::renderer::grid_renderer] blend 0
INFO [neovide::renderer::grid_renderer] blend 0
INFO [neovide::renderer::grid_renderer] blend 0
INFO [neovide::renderer::grid_renderer] blend 0
INFO [neovide::renderer::grid_renderer] blend 0
INFO [neovide::renderer::grid_renderer] blend 0
INFO [neovide::renderer::grid_renderer] blend 0
INFO [neovide::renderer::grid_renderer] blend 0
INFO [neovide::renderer::grid_renderer] blend 0
INFO [neovide::renderer::grid_renderer] blend 0
INFO [neovide::renderer::grid_renderer] blend 0
INFO [neovide::renderer::grid_renderer] blend 0
INFO [neovide::renderer::grid_renderer] blend 0
INFO [neovide::renderer::grid_renderer] blend 0
INFO [neovide::renderer::grid_renderer] blend 0
INFO [neovide::renderer::grid_renderer] blend 0
INFO [neovide::renderer::grid_renderer] blend 0
INFO [neovide::renderer::grid_renderer] blend 0
INFO [neovide::renderer::grid_renderer] blend 0
INFO [neovide::renderer::grid_renderer] blend 0
INFO [neovide::renderer::grid_renderer] blend 0
INFO [neovide::renderer::grid_renderer] blend 0
INFO [neovide::renderer::grid_renderer] blend 0
INFO [neovide::renderer::grid_renderer] blend 0
INFO [neovide::renderer::grid_renderer] blend 0
INFO [neovide::renderer::grid_renderer] blend 0
INFO [neovide::renderer::grid_renderer] blend 0
INFO [neovide::renderer::grid_renderer] blend 0
INFO [neovide::renderer::grid_renderer] blend 0
INFO [neovide::renderer::grid_renderer] blend 0
INFO [neovide::renderer::grid_renderer] blend 0
INFO [neovide::renderer::grid_renderer] blend 0
INFO [neovide::renderer::grid_renderer] blend 0
INFO [neovide::renderer::grid_renderer] blend 0
INFO [neovide::renderer::grid_renderer] blend 0
INFO [neovide::renderer::grid_renderer] blend 0
INFO [neovide::renderer::grid_renderer] blend 0
INFO [neovide::renderer::grid_renderer] blend 0
INFO [neovide::renderer::grid_renderer] blend 0
INFO [neovide::renderer::grid_renderer] blend 0
INFO [neovide::renderer::grid_renderer] blend 0
INFO [neovide::renderer::grid_renderer] blend 0
INFO [neovide::renderer::grid_renderer] blend 0
INFO [neovide::renderer::grid_renderer] blend 0
INFO [neovide::renderer::grid_renderer] blend 0
INFO [neovide::renderer::grid_renderer] blend 0
INFO [neovide::renderer::grid_renderer] blend 0
INFO [neovide::renderer::grid_renderer] blend 0
INFO [neovide::renderer::grid_renderer] blend 0
INFO [neovide::renderer::grid_renderer] blend 0
INFO [neovide::renderer::grid_renderer] blend 0
INFO [neovide::renderer::grid_renderer] blend 0
INFO [neovide::renderer::grid_renderer] blend 0
INFO [neovide::renderer::grid_renderer] blend 0
INFO [neovide::renderer::grid_renderer] blend 0
INFO [neovide::renderer::grid_renderer] blend 0
INFO [neovide::renderer::grid_renderer] blend 0
INFO [neovide::renderer::grid_renderer] blend 0
INFO [neovide::renderer::grid_renderer] blend 0
INFO [neovide::renderer::grid_renderer] blend 0
INFO [neovide::renderer::grid_renderer] blend 0
INFO [neovide::renderer::grid_renderer] blend 0
INFO [neovide::renderer::grid_renderer] blend 0
INFO [neovide::renderer::grid_renderer] blend 0
INFO [neovide::renderer::grid_renderer] blend 0
INFO [neovide::renderer::grid_renderer] blend 0
INFO [neovide::renderer::grid_renderer] blend 0
INFO [neovide::renderer::grid_renderer] blend 0
INFO [neovide::renderer::grid_renderer] blend 0
INFO [neovide::renderer::grid_renderer] blend 0
INFO [neovide::renderer::grid_renderer] blend 0
INFO [neovide::renderer::grid_renderer] blend 0
INFO [neovide::renderer::grid_renderer] blend 0
INFO [neovide::renderer::grid_renderer] blend 0
INFO [neovide::renderer::grid_renderer] blend 0
INFO [neovide::renderer::grid_renderer] blend 0
INFO [neovide::renderer::grid_renderer] blend 0
INFO [neovide::renderer::grid_renderer] blend 0
INFO [neovide::renderer::grid_renderer] blend 0
INFO [neovide::renderer::grid_renderer] blend 0
INFO [neovide::renderer::grid_renderer] blend 0
INFO [neovide::renderer::grid_renderer] blend 0
INFO [neovide::renderer::grid_renderer] blend 0
INFO [neovide::renderer::grid_renderer] blend 0
INFO [neovide::renderer::grid_renderer] blend 0
INFO [neovide::renderer::grid_renderer] blend 0
INFO [neovide::renderer::grid_renderer] blend 0
INFO [neovide::renderer::grid_renderer] blend 0
INFO [neovide::renderer::grid_renderer] blend 0
INFO [neovide::renderer::grid_renderer] blend 0
INFO [neovide::renderer::grid_renderer] blend 0
INFO [neovide::renderer::grid_renderer] blend 0
INFO [neovide::renderer::grid_renderer] blend 0
INFO [neovide::renderer::grid_renderer] blend 0
INFO [neovide::renderer::grid_renderer] blend 0
INFO [neovide::renderer::grid_renderer] blend 0
INFO [neovide::renderer::grid_renderer] blend 0
INFO [neovide::renderer::grid_renderer] blend 0
INFO [neovide::renderer::grid_renderer] blend 0
INFO [neovide::renderer::grid_renderer] blend 0
INFO [neovide::renderer::grid_renderer] blend 0
INFO [neovide::renderer::grid_renderer] blend 0
INFO [neovide::renderer::grid_renderer] blend 0
INFO [neovide::renderer::grid_renderer] blend 0
INFO [neovide::renderer::grid_renderer] blend 0
INFO [neovide::renderer::grid_renderer] blend 0
INFO [neovide::renderer::grid_renderer] blend 0
INFO [neovide::renderer::grid_renderer] blend 0
INFO [neovide::renderer::grid_renderer] blend 0
INFO [neovide::renderer::grid_renderer] blend 0
INFO [neovide::renderer::grid_renderer] blend 0
INFO [neovide::renderer::grid_renderer] blend 0
INFO [neovide::renderer::grid_renderer] blend 0
INFO [neovide::renderer::grid_renderer] blend 0
INFO [neovide::renderer::grid_renderer] blend 0
INFO [neovide::renderer::grid_renderer] blend 0
INFO [neovide::renderer::grid_renderer] blend 0
INFO [neovide::renderer::grid_renderer] blend 0
INFO [neovide::renderer::grid_renderer] blend 0
INFO [neovide::renderer::grid_renderer] blend 0
INFO [neovide::renderer::grid_renderer] blend 0
INFO [neovide::renderer::grid_renderer] blend 0
INFO [neovide::renderer::grid_renderer] blend 0
INFO [neovide::renderer::grid_renderer] blend 0
INFO [neovide::renderer::grid_renderer] blend 0
INFO [neovide::renderer::grid_renderer] blend 0
INFO [neovide::renderer::grid_renderer] blend 0
INFO [neovide::renderer::grid_renderer] blend 0
INFO [neovide::renderer::grid_renderer] blend 0
INFO [neovide::renderer::grid_renderer] blend 0
INFO [neovide::renderer::grid_renderer] blend 0
INFO [neovide::renderer::grid_renderer] blend 0
INFO [neovide::renderer::grid_renderer] blend 0
INFO [neovide::renderer::grid_renderer] blend 0
INFO [neovide::renderer::grid_renderer] blend 0
INFO [neovide::renderer::grid_renderer] blend 0
INFO [neovide::renderer::grid_renderer] blend 0
INFO [neovide::renderer::grid_renderer] blend 0
INFO [neovide::renderer::grid_renderer] blend 0
INFO [neovide::renderer::grid_renderer] blend 0
INFO [neovide::renderer::grid_renderer] blend 0
INFO [neovide::renderer::grid_renderer] blend 0
INFO [neovide::renderer::grid_renderer] blend 0
INFO [neovide::renderer::grid_renderer] blend 0
INFO [neovide::renderer::grid_renderer] blend 0
INFO [neovide::renderer::grid_renderer] blend 0
INFO [neovide::renderer::grid_renderer] blend 0
INFO [neovide::renderer::grid_renderer] blend 0
INFO [neovide::renderer::grid_renderer] blend 0
INFO [neovide::renderer::grid_renderer] blend 0
INFO [neovide::renderer::grid_renderer] blend 0
INFO [neovide::renderer::grid_renderer] blend 0
INFO [neovide::renderer::grid_renderer] blend 0
INFO [neovide::renderer::grid_renderer] blend 0
INFO [neovide::renderer::grid_renderer] blend 0
INFO [neovide::renderer::grid_renderer] blend 0
INFO [neovide::renderer::grid_renderer] blend 0
INFO [neovide::renderer::grid_renderer] blend 0
INFO [neovide::renderer::grid_renderer] blend 0
INFO [neovide::renderer::grid_renderer] blend 0
INFO [neovide::renderer::grid_renderer] blend 0
INFO [neovide::renderer::grid_renderer] blend 0
INFO [neovide::renderer::grid_renderer] blend 0
INFO [neovide::renderer::grid_renderer] blend 0
INFO [neovide::renderer::grid_renderer] blend 0
INFO [neovide::renderer::grid_renderer] blend 0
INFO [neovide::renderer::grid_renderer] blend 0
INFO [neovide::renderer::grid_renderer] blend 0
INFO [neovide::renderer::grid_renderer] blend 0
INFO [neovide::renderer::grid_renderer] blend 0
INFO [neovide::renderer::grid_renderer] blend 0
INFO [neovide::bridge::handler] neo-vid received playback request: https://www.youtube.com/watch?v=nuCrKy9M-XI
INFO [neovide::renderer] neo-vid target Neovim window 1000; grid=1 nvim=None region=(0,0)-(3068,1782); grid=7 nvim=None region=(0,0)-(0,0); grid=4 nvim=Some(1001) region=(0,0)-(1534,1287); grid=3 nvim=None region=(0,1386)-(3068,1782); grid=2 nvim=Some(1000) region=(1551,0)-(3068,1287); grid=5 nvim=Some(1002) region=(0,1320)-(1534,1716); grid=6 nvim=Some(1003) region=(1551,1320)-(3068,1716)
INFO [neovide::video] neo-vid passed URL to libmpv
INFO [neovide::renderer::grid_renderer] blend 0
INFO [neovide::renderer::grid_renderer] blend 0
INFO [neovide::renderer::grid_renderer] blend 0
INFO [neovide::renderer::grid_renderer] blend 0
INFO [neovide::renderer::grid_renderer] blend 0
INFO [neovide::renderer::grid_renderer] blend 0
INFO [neovide::renderer::grid_renderer] blend 0
INFO [neovide::renderer::grid_renderer] blend 0
INFO [neovide::renderer::grid_renderer] blend 0
INFO [neovide::renderer::grid_renderer] blend 0
INFO [neovide::renderer::grid_renderer] blend 0
INFO [neovide::renderer::grid_renderer] blend 0
INFO [neovide::renderer::grid_renderer] blend 0
INFO [neovide::renderer::grid_renderer] blend 0
INFO [neovide::renderer::grid_renderer] blend 0
INFO [neovide::renderer::grid_renderer] blend 0
INFO [neovide::renderer::grid_renderer] blend 0
INFO [neovide::renderer::grid_renderer] blend 0
INFO [neovide::renderer::grid_renderer] blend 0
INFO [neovide::renderer::grid_renderer] blend 0
INFO [neovide::renderer::grid_renderer] blend 0
INFO [neovide::renderer::grid_renderer] blend 0
INFO [neovide::renderer::grid_renderer] blend 0
INFO [neovide::renderer::grid_renderer] blend 0
INFO [neovide::renderer::grid_renderer] blend 0
INFO [neovide::renderer::grid_renderer] blend 0
INFO [neovide::renderer::grid_renderer] blend 0
INFO [neovide::renderer::grid_renderer] blend 0
INFO [neovide::renderer::grid_renderer] blend 0
INFO [neovide::renderer::grid_renderer] blend 0
INFO [neovide::renderer::grid_renderer] blend 0
INFO [neovide::renderer::grid_renderer] blend 0
INFO [neovide::renderer::grid_renderer] blend 0
INFO [neovide::renderer::grid_renderer] blend 0
INFO [neovide::renderer::grid_renderer] blend 0
INFO [neovide::renderer::grid_renderer] blend 0
INFO [neovide::renderer::grid_renderer] blend 0
INFO [neovide::renderer::grid_renderer] blend 0
INFO [neovide::renderer::grid_renderer] blend 0
INFO [neovide::renderer::grid_renderer] blend 0
INFO [neovide::renderer::grid_renderer] blend 0
INFO [neovide::renderer::grid_renderer] blend 0
INFO [neovide::renderer::grid_renderer] blend 0
INFO [neovide::renderer::grid_renderer] blend 0
INFO [neovide::renderer::grid_renderer] blend 0
INFO [neovide::renderer::grid_renderer] blend 0
INFO [neovide::renderer::grid_renderer] blend 0
INFO [neovide::renderer::grid_renderer] blend 0
INFO [neovide::renderer::grid_renderer] blend 0
INFO [neovide::renderer::grid_renderer] blend 0
INFO [neovide::renderer::grid_renderer] blend 0
INFO [neovide::renderer::grid_renderer] blend 0
INFO [neovide::renderer::grid_renderer] blend 0
INFO [neovide::renderer::grid_renderer] blend 0
INFO [neovide::renderer::grid_renderer] blend 0
INFO [neovide::renderer::grid_renderer] blend 0
INFO [neovide::renderer::grid_renderer] blend 0
INFO [neovide::renderer::grid_renderer] blend 0
INFO [neovide::renderer::grid_renderer] blend 0
INFO [neovide::renderer::grid_renderer] blend 0
INFO [neovide::renderer::grid_renderer] blend 0
INFO [neovide::renderer::grid_renderer] blend 0
INFO [neovide::renderer::grid_renderer] blend 0
INFO [neovide::renderer::grid_renderer] blend 0
INFO [neovide::renderer::grid_renderer] blend 0
INFO [neovide::renderer::grid_renderer] blend 0
INFO [neovide::renderer::grid_renderer] blend 0
INFO [neovide::renderer::grid_renderer] blend 0
INFO [neovide::renderer::grid_renderer] blend 0
INFO [neovide::renderer::grid_renderer] blend 0
INFO [neovide::renderer::grid_renderer] blend 0
INFO [neovide::renderer::grid_renderer] blend 0
INFO [neovide::renderer::grid_renderer] blend 0
INFO [neovide::renderer::grid_renderer] blend 0
INFO [neovide::renderer::grid_renderer] blend 0
INFO [neovide::renderer::grid_renderer] blend 0
INFO [neovide::renderer::grid_renderer] blend 0
INFO [neovide::renderer::grid_renderer] blend 0
INFO [neovide::renderer::grid_renderer] blend 0
INFO [neovide::renderer::grid_renderer] blend 0
INFO [neovide::renderer::grid_renderer] blend 0
INFO [neovide::renderer::grid_renderer] blend 0
INFO [neovide::renderer::grid_renderer] blend 0
INFO [neovide::renderer::grid_renderer] blend 0
INFO [neovide::renderer::grid_renderer] blend 0
INFO [neovide::renderer::grid_renderer] blend 0
INFO [neovide::renderer::grid_renderer] blend 0
INFO [neovide::renderer::grid_renderer] blend 0
INFO [neovide::renderer::grid_renderer] blend 0
INFO [neovide::renderer::grid_renderer] blend 0
INFO [neovide::renderer::grid_renderer] blend 0
INFO [neovide::renderer::grid_renderer] blend 0
INFO [neovide::renderer::grid_renderer] blend 0
INFO [neovide::renderer::grid_renderer] blend 0
INFO [neovide::renderer::grid_renderer] blend 0
INFO [neovide::renderer::grid_renderer] blend 0
INFO [neovide::renderer::grid_renderer] blend 0
INFO [neovide::renderer::grid_renderer] blend 0
INFO [neovide::renderer::grid_renderer] blend 0
INFO [neovide::renderer::grid_renderer] blend 0
INFO [neovide::renderer::grid_renderer] blend 0
INFO [neovide::renderer::grid_renderer] blend 0
INFO [neovide::renderer::grid_renderer] blend 0
INFO [neovide::renderer::grid_renderer] blend 0
INFO [neovide::renderer::grid_renderer] blend 0
INFO [neovide::renderer::grid_renderer] blend 0
INFO [neovide::renderer::grid_renderer] blend 0
INFO [neovide::renderer::grid_renderer] blend 0
INFO [neovide::renderer::grid_renderer] blend 0
INFO [neovide::renderer::grid_renderer] blend 0
INFO [neovide::renderer::grid_renderer] blend 0
INFO [neovide::renderer::grid_renderer] blend 0
INFO [neovide::renderer::grid_renderer] blend 0
INFO [neovide::renderer::grid_renderer] blend 0
INFO [neovide::renderer::grid_renderer] blend 0
INFO [neovide::renderer::grid_renderer] blend 0
INFO [neovide::renderer::grid_renderer] blend 0
INFO [neovide::renderer::grid_renderer] blend 0
INFO [neovide::renderer::grid_renderer] blend 0
INFO [neovide::renderer::grid_renderer] blend 0
INFO [neovide::renderer::grid_renderer] blend 0
INFO [neovide::renderer::grid_renderer] blend 0
INFO [neovide::renderer::grid_renderer] blend 0
INFO [neovide::renderer::grid_renderer] blend 0
INFO [neovide::renderer::grid_renderer] blend 0
INFO [neovide::renderer::grid_renderer] blend 0
INFO [neovide::renderer::grid_renderer] blend 0
INFO [neovide::renderer::grid_renderer] blend 0
INFO [neovide::renderer::grid_renderer] blend 0
INFO [neovide::renderer::grid_renderer] blend 0
INFO [neovide::renderer::grid_renderer] blend 0
INFO [neovide::renderer::grid_renderer] blend 0
INFO [neovide::renderer::grid_renderer] blend 0
INFO [neovide::renderer::grid_renderer] blend 0
INFO [neovide::renderer::grid_renderer] blend 0
INFO [neovide::renderer::grid_renderer] blend 0
INFO [neovide::renderer::grid_renderer] blend 0
INFO [neovide::renderer::grid_renderer] blend 0
INFO [neovide::renderer::grid_renderer] blend 0
INFO [neovide::renderer::grid_renderer] blend 0
INFO [neovide::renderer::grid_renderer] blend 0
INFO [neovide::renderer::grid_renderer] blend 0
INFO [neovide::renderer::grid_renderer] blend 0
INFO [neovide::renderer::grid_renderer] blend 0
INFO [neovide::renderer::grid_renderer] blend 0
INFO [neovide::renderer::grid_renderer] blend 0
INFO [neovide::renderer::grid_renderer] blend 0
INFO [neovide::renderer::grid_renderer] blend 0
INFO [neovide::renderer::grid_renderer] blend 0
INFO [neovide::renderer::grid_renderer] blend 0
INFO [neovide::renderer::grid_renderer] blend 0
INFO [neovide::renderer::grid_renderer] blend 0
INFO [neovide::renderer::grid_renderer] blend 0
INFO [neovide::renderer::grid_renderer] blend 0
INFO [neovide::renderer::grid_renderer] blend 0
INFO [neovide::renderer::grid_renderer] blend 0
INFO [neovide::renderer::grid_renderer] blend 0
INFO [neovide::renderer::grid_renderer] blend 0
INFO [neovide::renderer::grid_renderer] blend 0
INFO [neovide::renderer::grid_renderer] blend 0
INFO [neovide::renderer::grid_renderer] blend 0
INFO [neovide::renderer::grid_renderer] blend 0
INFO [neovide::renderer::grid_renderer] blend 0
INFO [neovide::renderer::grid_renderer] blend 0
INFO [neovide::renderer::grid_renderer] blend 0
INFO [neovide::renderer::grid_renderer] blend 0
INFO [neovide::renderer::grid_renderer] blend 0
INFO [neovide::renderer::grid_renderer] blend 0
INFO [neovide::renderer::grid_renderer] blend 0
INFO [neovide::renderer::grid_renderer] blend 0
INFO [neovide::renderer::grid_renderer] blend 0
INFO [neovide::renderer::grid_renderer] blend 0
INFO [neovide::renderer::grid_renderer] blend 0
INFO [neovide::renderer::grid_renderer] blend 0
INFO [neovide::renderer::grid_renderer] blend 0
INFO [neovide::renderer::grid_renderer] blend 0
INFO [neovide::renderer::grid_renderer] blend 0
INFO [neovide::renderer::grid_renderer] blend 0
INFO [neovide::renderer::grid_renderer] blend 0
INFO [neovide::renderer::grid_renderer] blend 0
INFO [neovide::renderer::grid_renderer] blend 0
INFO [neovide::renderer::grid_renderer] blend 0
INFO [neovide::renderer::grid_renderer] blend 0
INFO [neovide::renderer::grid_renderer] blend 0
INFO [neovide::renderer::grid_renderer] blend 0
INFO [neovide::renderer::grid_renderer] blend 0
INFO [neovide::renderer::grid_renderer] blend 0
INFO [neovide::renderer::grid_renderer] blend 0
INFO [neovide::renderer::grid_renderer] blend 0
INFO [neovide::renderer::grid_renderer] blend 0
INFO [neovide::renderer::grid_renderer] blend 0
INFO [neovide::renderer::grid_renderer] blend 0
INFO [neovide::renderer::grid_renderer] blend 0
INFO [neovide::renderer::grid_renderer] blend 0
INFO [neovide::renderer::grid_renderer] blend 0
INFO [neovide::renderer::grid_renderer] blend 0
INFO [neovide::renderer::grid_renderer] blend 0
INFO [neovide::renderer::grid_renderer] blend 0
INFO [neovide::renderer::grid_renderer] blend 0
INFO [neovide::renderer::grid_renderer] blend 0
INFO [neovide::renderer::grid_renderer] blend 0
INFO [neovide::renderer::grid_renderer] blend 0
INFO [neovide::renderer::grid_renderer] blend 0
INFO [neovide::renderer::grid_renderer] blend 0
INFO [neovide::renderer::grid_renderer] blend 0
INFO [neovide::renderer::grid_renderer] blend 0
INFO [neovide::renderer::grid_renderer] blend 0
INFO [neovide::renderer::grid_renderer] blend 0
INFO [neovide::renderer::grid_renderer] blend 0
INFO [neovide::renderer::grid_renderer] blend 0
INFO [neovide::renderer::grid_renderer] blend 0
INFO [neovide::renderer::grid_renderer] blend 0
INFO [neovide::renderer::grid_renderer] blend 0
INFO [neovide::renderer::grid_renderer] blend 0
INFO [neovide::renderer::grid_renderer] blend 0
INFO [neovide::renderer::grid_renderer] blend 0
INFO [neovide::renderer::grid_renderer] blend 0
INFO [neovide::renderer::grid_renderer] blend 0
INFO [neovide::renderer::grid_renderer] blend 0
INFO [neovide::renderer::grid_renderer] blend 0
INFO [neovide::renderer::grid_renderer] blend 0
INFO [neovide::renderer::grid_renderer] blend 0
INFO [neovide::renderer::grid_renderer] blend 0
INFO [neovide::renderer::grid_renderer] blend 0
INFO [neovide::renderer::grid_renderer] blend 0
INFO [neovide::renderer::grid_renderer] blend 0
INFO [neovide::renderer::grid_renderer] blend 0
INFO [neovide::renderer::grid_renderer] blend 0
INFO [neovide::renderer::grid_renderer] blend 0
INFO [neovide::renderer::grid_renderer] blend 0
INFO [neovide::renderer::grid_renderer] blend 0
INFO [neovide::renderer::grid_renderer] blend 0
INFO [neovide::renderer::grid_renderer] blend 0
INFO [neovide::renderer::grid_renderer] blend 0
INFO [neovide::renderer::grid_renderer] blend 0
INFO [neovide::renderer::grid_renderer] blend 0
INFO [neovide::renderer::grid_renderer] blend 0
INFO [neovide::renderer::grid_renderer] blend 0
INFO [neovide::renderer::grid_renderer] blend 0
INFO [neovide::renderer::grid_renderer] blend 0
INFO [neovide::renderer::grid_renderer] blend 0
INFO [neovide::renderer::grid_renderer] blend 0
INFO [neovide::renderer::grid_renderer] blend 0
INFO [neovide::renderer::grid_renderer] blend 0
INFO [neovide::renderer::grid_renderer] blend 0
INFO [neovide::renderer::grid_renderer] blend 0
INFO [neovide::renderer::grid_renderer] blend 0
INFO [neovide::renderer::grid_renderer] blend 0
INFO [neovide::renderer::grid_renderer] blend 0
INFO [neovide::renderer::grid_renderer] blend 0
INFO [neovide::renderer::grid_renderer] blend 0
INFO [neovide::renderer::grid_renderer] blend 0
INFO [neovide::renderer::grid_renderer] blend 0
INFO [neovide::renderer::grid_renderer] blend 0
INFO [neovide::renderer::grid_renderer] blend 0
INFO [neovide::renderer::grid_renderer] blend 0
INFO [neovide::renderer::grid_renderer] blend 0
INFO [neovide::renderer::grid_renderer] blend 0
INFO [neovide::renderer::grid_renderer] blend 0
INFO [neovide::renderer::grid_renderer] blend 0
INFO [neovide::renderer::grid_renderer] blend 0
INFO [neovide::renderer::grid_renderer] blend 0
INFO [neovide::renderer::grid_renderer] blend 0
INFO [neovide::renderer::grid_renderer] blend 0
INFO [neovide::renderer::grid_renderer] blend 0
INFO [neovide::renderer::grid_renderer] blend 0
INFO [neovide::renderer::grid_renderer] blend 0
INFO [neovide::renderer::grid_renderer] blend 0
INFO [neovide::renderer::grid_renderer] blend 0
INFO [neovide::renderer::grid_renderer] blend 0
INFO [neovide::renderer::grid_renderer] blend 0
INFO [neovide::renderer::grid_renderer] blend 0
INFO [neovide::renderer::grid_renderer] blend 0
INFO [neovide::renderer::grid_renderer] blend 0
INFO [neovide::renderer::grid_renderer] blend 0
INFO [neovide::renderer::grid_renderer] blend 0
INFO [neovide::renderer::grid_renderer] blend 0
INFO [neovide::renderer::grid_renderer] blend 0
INFO [neovide::renderer::grid_renderer] blend 0
INFO [neovide::renderer::grid_renderer] blend 0
INFO [neovide::renderer::grid_renderer] blend 0
INFO [neovide::renderer::grid_renderer] blend 0
INFO [neovide::renderer::grid_renderer] blend 0
INFO [neovide::renderer::grid_renderer] blend 0
INFO [neovide::renderer::grid_renderer] blend 0
INFO [neovide::renderer::grid_renderer] blend 0
INFO [neovide::renderer::grid_renderer] blend 0
INFO [neovide::renderer::grid_renderer] blend 0
INFO [neovide::renderer::grid_renderer] blend 0
INFO [neovide::renderer::grid_renderer] blend 0
INFO [neovide::renderer::grid_renderer] blend 0
INFO [neovide::renderer::grid_renderer] blend 0
INFO [neovide::renderer::grid_renderer] blend 0
INFO [neovide::renderer::grid_renderer] blend 0
INFO [neovide::renderer::grid_renderer] blend 0
INFO [neovide::renderer::grid_renderer] blend 0
INFO [neovide::renderer::grid_renderer] blend 0
INFO [neovide::renderer::grid_renderer] blend 0
INFO [neovide::renderer::grid_renderer] blend 0
INFO [neovide::renderer::grid_renderer] blend 0
INFO [neovide::renderer::grid_renderer] blend 0
INFO [neovide::renderer::grid_renderer] blend 0
INFO [neovide::renderer::grid_renderer] blend 0
INFO [neovide::renderer::grid_renderer] blend 0
INFO [neovide::renderer::grid_renderer] blend 0
INFO [neovide::renderer::grid_renderer] blend 0
INFO [neovide::renderer::grid_renderer] blend 0
INFO [neovide::renderer::grid_renderer] blend 0
INFO [neovide::renderer::grid_renderer] blend 0
INFO [neovide::renderer::grid_renderer] blend 0
INFO [neovide::renderer::grid_renderer] blend 0
INFO [neovide::renderer::grid_renderer] blend 0
INFO [neovide::renderer::grid_renderer] blend 0
INFO [neovide::renderer::grid_renderer] blend 0
INFO [neovide::renderer::grid_renderer] blend 0
INFO [neovide::renderer::grid_renderer] blend 0
INFO [neovide::renderer::grid_renderer] blend 0
INFO [neovide::renderer::grid_renderer] blend 0
INFO [neovide::renderer::grid_renderer] blend 0
INFO [neovide::renderer::grid_renderer] blend 0
INFO [neovide::renderer::grid_renderer] blend 0
INFO [neovide::renderer::grid_renderer] blend 0
INFO [neovide::renderer::grid_renderer] blend 0
INFO [neovide::renderer::grid_renderer] blend 0
INFO [neovide::renderer::grid_renderer] blend 0
INFO [neovide::renderer::grid_renderer] blend 0
INFO [neovide::renderer::grid_renderer] blend 0
INFO [neovide::renderer::grid_renderer] blend 0
INFO [neovide::renderer::grid_renderer] blend 0
INFO [neovide::renderer::grid_renderer] blend 0
INFO [neovide::renderer::grid_renderer] blend 0
INFO [neovide::renderer::grid_renderer] blend 0
INFO [neovide::renderer::grid_renderer] blend 0
INFO [neovide::renderer::grid_renderer] blend 0
INFO [neovide::renderer::grid_renderer] blend 0
INFO [neovide::renderer::grid_renderer] blend 0
INFO [neovide::renderer::grid_renderer] blend 0
INFO [neovide::renderer::grid_renderer] blend 0
INFO [neovide::renderer::grid_renderer] blend 0
INFO [neovide::renderer::grid_renderer] blend 0
INFO [neovide::renderer::grid_renderer] blend 0
INFO [neovide::renderer::grid_renderer] blend 0
INFO [neovide::renderer::grid_renderer] blend 0
INFO [neovide::renderer::grid_renderer] blend 0
INFO [neovide::renderer::grid_renderer] blend 0
INFO [neovide::renderer::grid_renderer] blend 0
INFO [neovide::renderer::grid_renderer] blend 0
INFO [neovide::renderer::grid_renderer] blend 0
INFO [neovide::renderer::grid_renderer] blend 0
INFO [neovide::renderer::grid_renderer] blend 0
INFO [neovide::renderer::grid_renderer] blend 0
INFO [neovide::renderer::grid_renderer] blend 0
INFO [neovide::renderer::grid_renderer] blend 0
INFO [neovide::renderer::grid_renderer] blend 0
INFO [neovide::renderer::grid_renderer] blend 0
INFO [neovide::renderer::grid_renderer] blend 0
INFO [neovide::renderer::grid_renderer] blend 0
INFO [neovide::renderer::grid_renderer] blend 0
INFO [neovide::renderer::grid_renderer] blend 0
INFO [neovide::renderer::grid_renderer] blend 0
INFO [neovide::renderer::grid_renderer] blend 0
INFO [neovide::renderer::grid_renderer] blend 0
INFO [neovide::renderer::grid_renderer] blend 0
INFO [neovide::renderer::grid_renderer] blend 0
INFO [neovide::renderer::grid_renderer] blend 0
INFO [neovide::renderer::grid_renderer] blend 0
INFO [neovide::renderer::grid_renderer] blend 0
INFO [neovide::renderer::grid_renderer] blend 0
INFO [neovide::renderer::grid_renderer] blend 0
INFO [neovide::renderer::grid_renderer] blend 0
INFO [neovide::renderer::grid_renderer] blend 0
INFO [neovide::renderer::grid_renderer] blend 0
INFO [neovide::renderer::grid_renderer] blend 0
INFO [neovide::renderer::grid_renderer] blend 0
INFO [neovide::renderer::grid_renderer] blend 0
INFO [neovide::renderer::grid_renderer] blend 0
INFO [neovide::renderer::grid_renderer] blend 0
INFO [neovide::renderer::grid_renderer] blend 0
INFO [neovide::renderer::grid_renderer] blend 0
INFO [neovide::renderer::grid_renderer] blend 0
INFO [neovide::renderer::grid_renderer] blend 0
INFO [neovide::renderer::grid_renderer] blend 0
INFO [neovide::renderer::grid_renderer] blend 0
INFO [neovide::renderer::grid_renderer] blend 0
INFO [neovide::renderer::grid_renderer] blend 0
INFO [neovide::renderer::grid_renderer] blend 0
INFO [neovide::renderer::grid_renderer] blend 0
INFO [neovide::renderer::grid_renderer] blend 0
INFO [neovide::renderer::grid_renderer] blend 0
INFO [neovide::renderer::grid_renderer] blend 0
INFO [neovide::renderer::grid_renderer] blend 0
INFO [neovide::renderer::grid_renderer] blend 0
INFO [neovide::renderer::grid_renderer] blend 0
INFO [neovide::renderer::grid_renderer] blend 0
INFO [neovide::renderer::grid_renderer] blend 0
INFO [neovide::renderer::grid_renderer] blend 0
INFO [neovide::renderer::grid_renderer] blend 0
INFO [neovide::renderer::grid_renderer] blend 0
INFO [neovide::renderer::grid_renderer] blend 0
INFO [neovide::renderer::grid_renderer] blend 0
INFO [neovide::renderer::grid_renderer] blend 0
INFO [neovide::renderer::grid_renderer] blend 0
INFO [neovide::renderer::grid_renderer] blend 0
INFO [neovide::renderer::grid_renderer] blend 0
INFO [neovide::renderer::grid_renderer] blend 0
INFO [neovide::renderer::grid_renderer] blend 0
INFO [neovide::renderer::grid_renderer] blend 0
INFO [neovide::renderer::grid_renderer] blend 0
INFO [neovide::renderer::grid_renderer] blend 0
INFO [neovide::renderer::grid_renderer] blend 0
INFO [neovide::renderer::grid_renderer] blend 0
INFO [neovide::renderer::grid_renderer] blend 0
INFO [neovide::renderer::grid_renderer] blend 0
INFO [neovide::renderer::grid_renderer] blend 0
INFO [neovide::renderer::grid_renderer] blend 0
INFO [neovide::renderer::grid_renderer] blend 0
INFO [neovide::renderer::grid_renderer] blend 0
INFO [neovide::renderer::grid_renderer] blend 0
INFO [neovide::renderer::grid_renderer] blend 0
INFO [neovide::renderer::grid_renderer] blend 0
INFO [neovide::renderer::grid_renderer] blend 0
INFO [neovide::renderer::grid_renderer] blend 0
INFO [neovide::renderer::grid_renderer] blend 0
INFO [neovide::renderer::grid_renderer] blend 0
INFO [neovide::renderer::grid_renderer] blend 0
INFO [neovide::renderer::grid_renderer] blend 0
INFO [neovide::renderer::grid_renderer] blend 0
INFO [neovide::renderer::grid_renderer] blend 0
INFO [neovide::renderer::grid_renderer] blend 0
INFO [neovide::renderer::grid_renderer] blend 0
INFO [neovide::renderer::grid_renderer] blend 0
INFO [neovide::renderer::grid_renderer] blend 0
INFO [neovide::renderer::grid_renderer] blend 0
INFO [neovide::renderer::grid_renderer] blend 0
INFO [neovide::renderer::grid_renderer] blend 0
INFO [neovide::renderer::grid_renderer] blend 0
INFO [neovide::renderer::grid_renderer] blend 0
INFO [neovide::renderer::grid_renderer] blend 0
INFO [neovide::renderer::grid_renderer] blend 0
INFO [neovide::renderer::grid_renderer] blend 0
INFO [neovide::renderer::grid_renderer] blend 0
INFO [neovide::renderer::grid_renderer] blend 0
INFO [neovide::renderer::grid_renderer] blend 0
INFO [neovide::renderer::grid_renderer] blend 0
INFO [neovide::renderer::grid_renderer] blend 0
INFO [neovide::renderer::grid_renderer] blend 0
INFO [neovide::renderer::grid_renderer] blend 0
INFO [neovide::renderer::grid_renderer] blend 0
INFO [neovide::renderer::grid_renderer] blend 0
INFO [neovide::renderer::grid_renderer] blend 0
INFO [neovide::renderer::grid_renderer] blend 0
INFO [neovide::renderer::grid_renderer] blend 0
INFO [neovide::renderer::grid_renderer] blend 0
INFO [neovide::renderer::grid_renderer] blend 0
INFO [neovide::renderer::grid_renderer] blend 0
INFO [neovide::renderer::grid_renderer] blend 0
INFO [neovide::renderer::grid_renderer] blend 0
INFO [neovide::renderer::grid_renderer] blend 0
INFO [neovide::renderer::grid_renderer] blend 0
INFO [neovide::renderer::grid_renderer] blend 0
INFO [neovide::renderer::grid_renderer] blend 0
INFO [neovide::renderer::grid_renderer] blend 0
INFO [neovide::renderer::grid_renderer] blend 0
INFO [neovide::renderer::grid_renderer] blend 0
INFO [neovide::renderer::grid_renderer] blend 0
INFO [neovide::renderer::grid_renderer] blend 0
INFO [neovide::renderer::grid_renderer] blend 0
INFO [neovide::renderer::grid_renderer] blend 0
INFO [neovide::renderer::grid_renderer] blend 0
INFO [neovide::renderer::grid_renderer] blend 0
INFO [neovide::renderer::grid_renderer] blend 0
INFO [neovide::renderer::grid_renderer] blend 0
INFO [neovide::renderer::grid_renderer] blend 0
INFO [neovide::renderer::grid_renderer] blend 0
INFO [neovide::renderer::grid_renderer] blend 0
INFO [neovide::renderer::grid_renderer] blend 0
INFO [neovide::renderer::grid_renderer] blend 0
INFO [neovide::renderer::grid_renderer] blend 0
INFO [neovide::renderer::grid_renderer] blend 0
INFO [neovide::renderer::grid_renderer] blend 0
INFO [neovide::renderer::grid_renderer] blend 0
INFO [neovide::renderer::grid_renderer] blend 0
INFO [neovide::renderer::grid_renderer] blend 0
INFO [neovide::renderer::grid_renderer] blend 0
INFO [neovide::renderer::grid_renderer] blend 0
INFO [neovide::renderer::grid_renderer] blend 0
INFO [neovide::renderer::grid_renderer] blend 0
INFO [neovide::renderer::grid_renderer] blend 0
INFO [neovide::renderer::grid_renderer] blend 0
INFO [neovide::renderer::grid_renderer] blend 0
INFO [neovide::renderer::grid_renderer] blend 0
INFO [neovide::renderer::grid_renderer] blend 0
INFO [neovide::renderer::grid_renderer] blend 0
INFO [neovide::renderer::grid_renderer] blend 0
INFO [neovide::renderer::grid_renderer] blend 0
INFO [neovide::renderer::grid_renderer] blend 0
INFO [neovide::renderer::grid_renderer] blend 0
INFO [neovide::renderer::grid_renderer] blend 0
INFO [neovide::renderer::grid_renderer] blend 0
INFO [neovide::renderer::grid_renderer] blend 0
INFO [neovide::renderer::grid_renderer] blend 0
INFO [neovide::renderer::grid_renderer] blend 0
INFO [neovide::renderer::grid_renderer] blend 0
INFO [neovide::renderer::grid_renderer] blend 0
INFO [neovide::renderer::grid_renderer] blend 0
INFO [neovide::renderer::grid_renderer] blend 0
INFO [neovide::renderer::grid_renderer] blend 0
INFO [neovide::renderer::grid_renderer] blend 0
INFO [neovide::renderer::grid_renderer] blend 0
INFO [neovide::renderer::grid_renderer] blend 0
INFO [neovide::renderer::grid_renderer] blend 0
INFO [neovide::renderer::grid_renderer] blend 0
INFO [neovide::renderer::grid_renderer] blend 0
INFO [neovide::renderer::grid_renderer] blend 0
INFO [neovide::renderer::grid_renderer] blend 0
INFO [neovide::renderer::grid_renderer] blend 0
INFO [neovide::renderer::grid_renderer] blend 0
INFO [neovide::renderer::grid_renderer] blend 0
INFO [neovide::renderer::grid_renderer] blend 0
INFO [neovide::renderer::grid_renderer] blend 0
INFO [neovide::renderer::grid_renderer] blend 0
INFO [neovide::renderer::grid_renderer] blend 0
INFO [neovide::renderer::grid_renderer] blend 0
INFO [neovide::renderer::grid_renderer] blend 0
INFO [neovide::renderer::grid_renderer] blend 0
INFO [neovide::renderer::grid_renderer] blend 0
INFO [neovide::renderer::grid_renderer] blend 0
INFO [neovide::renderer::grid_renderer] blend 0
INFO [neovide::renderer::grid_renderer] blend 0
INFO [neovide::renderer::grid_renderer] blend 0
INFO [neovide::renderer::grid_renderer] blend 0
INFO [neovide::renderer::grid_renderer] blend 0
INFO [neovide::renderer::grid_renderer] blend 0
INFO [neovide::renderer::grid_renderer] blend 0
INFO [neovide::renderer::grid_renderer] blend 0
INFO [neovide::renderer::grid_renderer] blend 0
INFO [neovide::renderer::grid_renderer] blend 0
INFO [neovide::renderer::grid_renderer] blend 0
INFO [neovide::renderer::grid_renderer] blend 0
INFO [neovide::renderer::grid_renderer] blend 0
INFO [neovide::renderer::grid_renderer] blend 0
INFO [neovide::renderer::grid_renderer] blend 0
INFO [neovide::renderer::grid_renderer] blend 0
INFO [neovide::renderer::grid_renderer] blend 0
INFO [neovide::renderer::grid_renderer] blend 0
INFO [neovide::renderer::grid_renderer] blend 0
INFO [neovide::renderer::grid_renderer] blend 0
INFO [neovide::renderer::grid_renderer] blend 0
INFO [neovide::renderer::grid_renderer] blend 0
INFO [neovide::renderer::grid_renderer] blend 0
INFO [neovide::renderer::grid_renderer] blend 0
INFO [neovide::renderer::grid_renderer] blend 0
INFO [neovide::renderer::grid_renderer] blend 0
INFO [neovide::renderer::grid_renderer] blend 0
INFO [neovide::renderer::grid_renderer] blend 0
INFO [neovide::renderer::grid_renderer] blend 0
INFO [neovide::renderer::grid_renderer] blend 0
INFO [neovide::renderer::grid_renderer] blend 0
INFO [neovide::renderer::grid_renderer] blend 0
INFO [neovide::renderer::grid_renderer] blend 0
INFO [neovide::renderer::grid_renderer] blend 0
INFO [neovide::renderer::grid_renderer] blend 0
INFO [neovide::renderer::grid_renderer] blend 0
INFO [neovide::renderer::grid_renderer] blend 0
INFO [neovide::renderer::grid_renderer] blend 0
INFO [neovide::renderer::grid_renderer] blend 0
INFO [neovide::renderer::grid_renderer] blend 0
INFO [neovide::renderer::grid_renderer] blend 0
INFO [neovide::renderer::grid_renderer] blend 0
INFO [neovide::renderer::grid_renderer] blend 0
INFO [neovide::renderer::grid_renderer] blend 0
INFO [neovide::renderer::grid_renderer] blend 0
INFO [neovide::renderer::grid_renderer] blend 0
INFO [neovide::renderer::grid_renderer] blend 0
INFO [neovide::renderer::grid_renderer] blend 0
INFO [neovide::renderer::grid_renderer] blend 0
INFO [neovide::renderer::grid_renderer] blend 0
INFO [neovide::renderer::grid_renderer] blend 0
INFO [neovide::renderer::grid_renderer] blend 0
INFO [neovide::renderer::grid_renderer] blend 0
INFO [neovide::renderer::grid_renderer] blend 0
INFO [neovide::renderer::grid_renderer] blend 0
INFO [neovide::renderer::grid_renderer] blend 0
INFO [neovide::renderer::grid_renderer] blend 0
INFO [neovide::renderer::grid_renderer] blend 0
INFO [neovide::renderer::grid_renderer] blend 0
INFO [neovide::renderer::grid_renderer] blend 0
INFO [neovide::renderer::grid_renderer] blend 0
INFO [neovide::renderer::grid_renderer] blend 0
INFO [neovide::renderer::grid_renderer] blend 0
INFO [neovide::renderer::grid_renderer] blend 0
INFO [neovide::renderer::grid_renderer] blend 0
INFO [neovide::renderer::grid_renderer] blend 0
INFO [neovide::renderer::grid_renderer] blend 0
INFO [neovide::renderer::grid_renderer] blend 0
INFO [neovide::renderer::grid_renderer] blend 0
INFO [neovide::renderer::grid_renderer] blend 0
INFO [neovide::renderer::grid_renderer] blend 0
INFO [neovide::renderer::grid_renderer] blend 0
INFO [neovide::renderer::grid_renderer] blend 0
INFO [neovide::renderer::grid_renderer] blend 0
INFO [neovide::renderer::grid_renderer] blend 0
INFO [neovide::renderer::grid_renderer] blend 0
INFO [neovide::renderer::grid_renderer] blend 0
INFO [neovide::renderer::grid_renderer] blend 0
INFO [neovide::renderer::grid_renderer] blend 0
INFO [neovide::renderer::grid_renderer] blend 0
INFO [neovide::renderer::grid_renderer] blend 0
INFO [neovide::renderer::grid_renderer] blend 0
INFO [neovide::renderer::grid_renderer] blend 0
INFO [neovide::renderer::grid_renderer] blend 0
INFO [neovide::renderer::grid_renderer] blend 0
INFO [neovide::renderer::grid_renderer] blend 0
INFO [neovide::renderer::grid_renderer] blend 0
INFO [neovide::renderer::grid_renderer] blend 0
INFO [neovide::renderer::grid_renderer] blend 0
INFO [neovide::renderer::grid_renderer] blend 0
INFO [neovide::renderer::grid_renderer] blend 0
INFO [neovide::renderer::grid_renderer] blend 0
INFO [neovide::renderer::grid_renderer] blend 0
INFO [neovide::renderer::grid_renderer] blend 0
INFO [neovide::renderer::grid_renderer] blend 0
INFO [neovide::renderer::grid_renderer] blend 0
INFO [neovide::renderer::grid_renderer] blend 0
INFO [neovide::renderer::grid_renderer] blend 0
INFO [neovide::renderer::grid_renderer] blend 0
INFO [neovide::renderer::grid_renderer] blend 0
INFO [neovide::renderer::grid_renderer] blend 0
INFO [neovide::renderer::grid_renderer] blend 0
INFO [neovide::renderer::grid_renderer] blend 0
INFO [neovide::renderer::grid_renderer] blend 0
INFO [neovide::renderer::grid_renderer] blend 0
INFO [neovide::renderer::grid_renderer] blend 0
INFO [neovide::renderer::grid_renderer] blend 0
INFO [neovide::renderer::grid_renderer] blend 0
INFO [neovide::renderer::grid_renderer] blend 0
INFO [neovide::renderer::grid_renderer] blend 0
INFO [neovide::renderer::grid_renderer] blend 0
INFO [neovide::renderer::grid_renderer] blend 0
INFO [neovide::renderer::grid_renderer] blend 0
INFO [neovide::renderer::grid_renderer] blend 0
INFO [neovide::renderer::grid_renderer] blend 0
INFO [neovide::renderer::grid_renderer] blend 0
INFO [neovide::renderer::grid_renderer] blend 0
INFO [neovide::running_tracker] Quit with code 0: Quit from neovim
INFO [neovide::renderer::grid_renderer] blend 0
INFO [neovide::renderer::grid_renderer] blend 0
